2026-05-23 09:30:58,281 - INFO - -----------knn----------------
2026-05-23 09:30:58,317 - INFO - [[751 285]
 [123 250]]
2026-05-23 09:30:58,319 - INFO - 0.7104329311568488
2026-05-23 09:30:58,325 - INFO -               precision    recall  f1-score   support

           0       0.86      0.72      0.79      1036
           1       0.47      0.67      0.55       373

    accuracy                           0.71      1409
   macro avg       0.66      0.70      0.67      1409
weighted avg       0.76      0.71      0.72      1409

2026-05-23 09:30:58,359 - INFO - -----------Naive Bayes----------------
2026-05-23 09:30:58,405 - INFO - [[612 424]
 [ 41 332]]
2026-05-23 09:30:58,406 - INFO - 0.6699787083037615
2026-05-23 09:30:58,414 - INFO -               precision    recall  f1-score   support

           0       0.94      0.59      0.72      1036
           1       0.44      0.89      0.59       373

    accuracy                           0.67      1409
   macro avg       0.69      0.74      0.66      1409
weighted avg       0.81      0.67      0.69      1409

2026-05-23 09:30:58,415 - INFO - -----------LR----------------
2026-05-23 09:30:58,438 - INFO - [[765 271]
 [ 72 301]]
2026-05-23 09:30:58,439 - INFO - 0.7565649396735273
2026-05-23 09:30:58,443 - INFO -               precision    recall  f1-score   support

           0       0.91      0.74      0.82      1036
           1       0.53      0.81      0.64       373

    accuracy                           0.76      1409
   macro avg       0.72      0.77      0.73      1409
weighted avg       0.81      0.76      0.77      1409

2026-05-23 09:30:58,443 - INFO - -----------dt----------------
2026-05-23 09:30:58,485 - INFO - [[831 205]
 [165 208]]
2026-05-23 09:30:58,486 - INFO - 0.7374024130589071
2026-05-23 09:30:58,491 - INFO -               precision    recall  f1-score   support

           0       0.83      0.80      0.82      1036
           1       0.50      0.56      0.53       373

    accuracy                           0.74      1409
   macro avg       0.67      0.68      0.67      1409
weighted avg       0.75      0.74      0.74      1409

2026-05-23 09:30:58,492 - INFO - -----------rf----------------
2026-05-23 09:30:58,531 - INFO - [[876 160]
 [171 202]]
2026-05-23 09:30:58,531 - INFO - 0.7650816181689141
2026-05-23 09:30:58,535 - INFO -               precision    recall  f1-score   support

           0       0.84      0.85      0.84      1036
           1       0.56      0.54      0.55       373

    accuracy                           0.77      1409
   macro avg       0.70      0.69      0.70      1409
weighted avg       0.76      0.77      0.76      1409

2026-05-23 09:30:58,536 - INFO - -----------adaboost----------------
2026-05-23 09:30:58,564 - INFO - [[753 283]
 [ 62 311]]
2026-05-23 09:30:58,565 - INFO - 0.7551454932576295
2026-05-23 09:30:58,569 - INFO -               precision    recall  f1-score   support

           0       0.92      0.73      0.81      1036
           1       0.52      0.83      0.64       373

    accuracy                           0.76      1409
   macro avg       0.72      0.78      0.73      1409
weighted avg       0.82      0.76      0.77      1409

2026-05-23 09:30:58,569 - INFO - -----------gradient boosting----------------
2026-05-23 09:30:58,623 - INFO - [[746 290]
 [ 70 303]]
2026-05-23 09:30:58,623 - INFO - 0.7444996451383961
2026-05-23 09:30:58,627 - INFO -               precision    recall  f1-score   support

           0       0.91      0.72      0.81      1036
           1       0.51      0.81      0.63       373

    accuracy                           0.74      1409
   macro avg       0.71      0.77      0.72      1409
weighted avg       0.81      0.74      0.76      1409

2026-05-23 09:30:58,627 - INFO - -----------xtreme GB----------------
2026-05-23 09:30:58,663 - INFO - [[820 216]
 [ 93 280]]
2026-05-23 09:30:58,664 - INFO - 0.7806955287437899
2026-05-23 09:30:58,670 - INFO -               precision    recall  f1-score   support

           0       0.90      0.79      0.84      1036
           1       0.56      0.75      0.64       373

    accuracy                           0.78      1409
   macro avg       0.73      0.77      0.74      1409
weighted avg       0.81      0.78      0.79      1409

2026-05-23 09:30:58,671 - INFO - -----------SVM----------------
2026-05-23 09:31:00,257 - INFO - [[798 238]
 [ 81 292]]
2026-05-23 09:31:00,258 - INFO - 0.7735982966643009
2026-05-23 09:31:00,262 - INFO -               precision    recall  f1-score   support

           0       0.91      0.77      0.83      1036
           1       0.55      0.78      0.65       373

    accuracy                           0.77      1409
   macro avg       0.73      0.78      0.74      1409
weighted avg       0.81      0.77      0.78      1409

2026-05-23 09:31:00,599 - INFO - ------------AUC and ROC-----------------
2026-05-23 09:31:03,084 - INFO - ------------AUC and ROC-----------------
